
> minimal-express-app@1.0.0 dev
> nodemon src/server.js

[33m[nodemon] 3.1.9[39m
[33m[nodemon] to restart at any time, enter `rs`[39m
[33m[nodemon] watching path(s): src/**/*[39m
[33m[nodemon] watching extensions: js,json[39m
[32m[nodemon] starting `node src/server.js`[39m
Server running at http://0.0.0.0:3001
Error synchronizing Note model: HostNotFoundError [SequelizeHostNotFoundError]: getaddrinfo ENOTFOUND mysql://localhost:5000/myapp
    at ConnectionManager.connect (/home/kavia/workspace/code-generation/notemaster-95522-f25a22f5/notes_backend/node_modules/sequelize/lib/dialects/mysql/connection-manager.js:96:17)
    at process.processTicksAndRejections (node:internal/process/task_queues:95:5)
    at async ConnectionManager._connect (/home/kavia/workspace/code-generation/notemaster-95522-f25a22f5/notes_backend/node_modules/sequelize/lib/dialects/abstract/connection-manager.js:222:24)
    at async /home/kavia/workspace/code-generation/notemaster-95522-f25a22f5/notes_backend/node_modules/sequelize/lib/dialects/abstract/connection-manager.js:174:32
    at async ConnectionManager.getConnection (/home/kavia/workspace/code-generation/notemaster-95522-f25a22f5/notes_backend/node_modules/sequelize/lib/dialects/abstract/connection-manager.js:197:7)
    at async /home/kavia/workspace/code-generation/notemaster-95522-f25a22f5/notes_backend/node_modules/sequelize/lib/sequelize.js:305:26
    at async MySQLQueryInterface.tableExists (/home/kavia/workspace/code-generation/notemaster-95522-f25a22f5/notes_backend/node_modules/sequelize/lib/dialects/abstract/query-interface.js:102:17)
    at async Note.sync (/home/kavia/workspace/code-generation/notemaster-95522-f25a22f5/notes_backend/node_modules/sequelize/lib/model.js:939:21)
    at async Sequelize.sync (/home/kavia/workspace/code-generation/notemaster-95522-f25a22f5/notes_backend/node_modules/sequelize/lib/sequelize.js:377:9) {
  parent: Error: getaddrinfo ENOTFOUND mysql://localhost:5000/myapp
      at GetAddrInfoReqWrap.onlookup [as oncomplete] (node:dns:107:26) {
    errno: -3008,
    code: 'ENOTFOUND',
    syscall: 'getaddrinfo',
    hostname: 'mysql://localhost:5000/myapp',
    fatal: true
  },
  original: Error: getaddrinfo ENOTFOUND mysql://localhost:5000/myapp
      at GetAddrInfoReqWrap.onlookup [as oncomplete] (node:dns:107:26) {
    errno: -3008,
    code: 'ENOTFOUND',
    syscall: 'getaddrinfo',
    hostname: 'mysql://localhost:5000/myapp',
    fatal: true
  }
}
[32m[nodemon] restarting due to changes...[39m
[32m[nodemon] restarting due to changes...[39m
[32m[nodemon] starting `node src/server.js`[39m
node:events:495
      throw er; // Unhandled 'error' event
      ^

Error: listen EADDRINUSE: address already in use 0.0.0.0:3001
    at Server.setupListenHandle [as _listen2] (node:net:1817:16)
    at listenInCluster (node:net:1865:12)
    at doListen (node:net:2014:7)
    at process.processTicksAndRejections (node:internal/process/task_queues:83:21)
Emitted 'error' event on Server instance at:
    at emitErrorNT (node:net:1844:8)
    at process.processTicksAndRejections (node:internal/process/task_queues:82:21) {
  code: 'EADDRINUSE',
  errno: -98,
  syscall: 'listen',
  address: '0.0.0.0',
  port: 3001
}

Node.js v18.20.6
[31m[nodemon] app crashed - waiting for file changes before starting...[39m
[32m[nodemon] restarting due to changes...[39m
[32m[nodemon] starting `node src/server.js`[39m
node:events:495
      throw er; // Unhandled 'error' event
      ^

Error: listen EADDRINUSE: address already in use 0.0.0.0:3001
    at Server.setupListenHandle [as _listen2] (node:net:1817:16)
    at listenInCluster (node:net:1865:12)
    at doListen (node:net:2014:7)
    at process.processTicksAndRejections (node:internal/process/task_queues:83:21)
Emitted 'error' event on Server instance at:
    at emitErrorNT (node:net:1844:8)
    at process.processTicksAndRejections (node:internal/process/task_queues:82:21) {
  code: 'EADDRINUSE',
  errno: -98,
  syscall: 'listen',
  address: '0.0.0.0',
  port: 3001
}

Node.js v18.20.6
[31m[nodemon] app crashed - waiting for file changes before starting...[39m
[32m[nodemon] restarting due to changes...[39m
[32m[nodemon] starting `node src/server.js`[39m
[32m[nodemon] restarting due to changes...[39m
[32m[nodemon] starting `node src/server.js`[39m
node:events:495
      throw er; // Unhandled 'error' event
      ^

Error: listen EADDRINUSE: address already in use 0.0.0.0:3001
    at Server.setupListenHandle [as _listen2] (node:net:1817:16)
    at listenInCluster (node:net:1865:12)
    at doListen (node:net:2014:7)
    at process.processTicksAndRejections (node:internal/process/task_queues:83:21)
Emitted 'error' event on Server instance at:
    at emitErrorNT (node:net:1844:8)
    at process.processTicksAndRejections (node:internal/process/task_queues:82:21) {
  code: 'EADDRINUSE',
  errno: -98,
  syscall: 'listen',
  address: '0.0.0.0',
  port: 3001
}

Node.js v18.20.6
[31m[nodemon] app crashed - waiting for file changes before starting...[39m
[32m[nodemon] restarting due to changes...[39m
[32m[nodemon] starting `node src/server.js`[39m
Server running at http://0.0.0.0:3001
Error synchronizing Note model: HostNotFoundError [SequelizeHostNotFoundError]: getaddrinfo ENOTFOUND mysql://localhost:5000/myapp
    at ConnectionManager.connect (/home/kavia/workspace/code-generation/notemaster-95522-f25a22f5/notes_backend/node_modules/sequelize/lib/dialects/mysql/connection-manager.js:96:17)
    at process.processTicksAndRejections (node:internal/process/task_queues:95:5)
    at async ConnectionManager._connect (/home/kavia/workspace/code-generation/notemaster-95522-f25a22f5/notes_backend/node_modules/sequelize/lib/dialects/abstract/connection-manager.js:222:24)
    at async /home/kavia/workspace/code-generation/notemaster-95522-f25a22f5/notes_backend/node_modules/sequelize/lib/dialects/abstract/connection-manager.js:174:32
    at async ConnectionManager.getConnection (/home/kavia/workspace/code-generation/notemaster-95522-f25a22f5/notes_backend/node_modules/sequelize/lib/dialects/abstract/connection-manager.js:197:7)
    at async /home/kavia/workspace/code-generation/notemaster-95522-f25a22f5/notes_backend/node_modules/sequelize/lib/sequelize.js:305:26
    at async MySQLQueryInterface.tableExists (/home/kavia/workspace/code-generation/notemaster-95522-f25a22f5/notes_backend/node_modules/sequelize/lib/dialects/abstract/query-interface.js:102:17)
    at async Note.sync (/home/kavia/workspace/code-generation/notemaster-95522-f25a22f5/notes_backend/node_modules/sequelize/lib/model.js:939:21)
    at async Sequelize.sync (/home/kavia/workspace/code-generation/notemaster-95522-f25a22f5/notes_backend/node_modules/sequelize/lib/sequelize.js:377:9) {
  parent: Error: getaddrinfo ENOTFOUND mysql://localhost:5000/myapp
      at GetAddrInfoReqWrap.onlookup [as oncomplete] (node:dns:107:26) {
    errno: -3008,
    code: 'ENOTFOUND',
    syscall: 'getaddrinfo',
    hostname: 'mysql://localhost:5000/myapp',
    fatal: true
  },
  original: Error: getaddrinfo ENOTFOUND mysql://localhost:5000/myapp
      at GetAddrInfoReqWrap.onlookup [as oncomplete] (node:dns:107:26) {
    errno: -3008,
    code: 'ENOTFOUND',
    syscall: 'getaddrinfo',
    hostname: 'mysql://localhost:5000/myapp',
  node:events:495
    [32m[nodemon] restarting due to changes...[39m
[32m[nodemon] starting `node src/server.js`[39m
node:events:495
      throw er; // Unhandled 'error' event
      ^

Error: listen EADDRINUSE: address already in use 0.0.0.0:3001
    at Server.setupListenHandle [as _listen2] (node:net:1817:16)
    at listenInCluster (node:net:1865:12)
    at doListen (node:net:2014:7)
    at process.processTicksAndRejections (node:internal/process/task_queues:83:21)
Emitted 'error' event on Server instance at:
    at emitErrorNT (node:net:1844:8)
    at process.processTicksAndRejections (node:internal/process/task_queues:82:21) {
  code: 'EADDRINUSE',
  errno: -98,
  syscall: 'listen',
  address: '0.0.0.0',
  port: 3001
}

Node.js v18.20.6
[31m[nodemon] app crashed - waiting for file changes before starting...[39m
[32m[nodemon] restarting due to changes...[39m
[32m[nodemon] starting `node src/server.js`[39m
[32m[nodemon] restarting due to changes...[39m
[32m[nodemon] starting `node src/server.js`[39m
node:events:495
      throw er; // Unhandled 'error' event
      ^

Error: listen EADDRINUSE: address already in use 0.0.0.0:3001
    at Server.setupListenHandle [as _listen2] (node:net:1817:16)
    at listenInCluster (node:net:1865:12)
    at doListen (node:net:2014:7)
    at process.processTicksAndRejections (node:internal/process/task_queues:83:21)
Emitted 'error' event on Server instance at:
    at emitErrorNT (node:net:1844:8)
    at process.processTicksAndRejections (node:internal/process/task_queues:82:21) {
  code: 'EADDRINUSE',
  errno: -98,
  syscall: 'listen',
  address: '0.0.0.0',
  port: 3001
}

Node.js v18.20.6
[31m[nodemon] app crashed - waiting for file changes before starting...[39m
/sequelize/lib/dialects/abstract/conode:events:495
      throw er; // Unhandled 'error' event
      ^

Error: listen EADDRINUSE: address already in use 0.0.0.0:3001
    at Server.setupListenHandle [as _listen2] (node:net:1817:16)
    at listenInCluster (node:net:1865:12)
    at doListen (node:net:2014:7)
    at process.processTicksAndRejections (node:internal/process/task_queues:83:21)
Emitted 'error' event on Server instance at:
    at emitErrorNT (node:net:1844:8)
    at process.processTicksAndRejections (node:internal/process/task_queues:82:21) {
  code: 'EADDRINUSE',
  errno: -98,
  syscall: 'listen',
  address: '0.0.0.0',
  port: 3001
}

Node.js v18.20.6
[31m[nodemon] app crashed - waiting for file changes before starting...[39m
[32m[nodemon] restarting due to changes...[39m
[32m[nodemon] starting `node src/server.js`[39m
[32m[nodemon] restarting due to changes...[39m
[32m[nodemon] starting `node src/server.js`[39m
node:events:495
      throw er; // Unhandled 'error' event
      ^

Error: listen EADDRINUSE: address already in use 0.0.0.0:3001
    at Server.setupListenHandle [as _listen2] (node:net:1817:16)
    at listenInCluster (node:net:1865:12)
    at doListen (node:net:2014:7)
    at process.processTicksAndRejections (node:internal/process/task_queues:83:21)
Emitted 'error' event on Server instance at:
    at emitErrorNT (node:net:1844:8)
    at process.processTicksAndRejections (node:internal/process/task_queues:82:21) {
  code: 'EADDRINUSE',
  errno: -98,
  syscall: 'listen',
  address: '0.0.0.0',
  port: 3001
}

Node.js v18.20.6
[31m[nodemon] app crashed - waiting for file changes before starting...[39m
(/home/kavia/workspace/code-generation/notemaster-95522-f25a22f5/notes_backend/node_modules/sequelize/lib/dialects/mysql/connection-manager.js:96:17)
    at process.processTicksAndRejections (node:internal/process/task_queues:95:5)
    at async ConnectionManager._connect (/home/kavia/workspace/code-generation/notemaster-95522-f25a22f5/notes_backend/node_modules/sequelize/lib/dialects/abstract/connection-manager.js:222:24)
    at async /home/kavia/workspace/code-generation/notemaster-95522-f25a22f5/notes_backend/node_modules/sequelize/lib/dialects/abstract/connection-manager.js:174:32
    at async ConnectionManager.getConnection (/home/kavia/workspace/code-generation/notemaster-95522-f25a22f5/notes_backend/node_modules/sequelize/lib/dialects/abstract/connection-manager.js:197:7)
    at async /home/kavia/workspace/code-generation/notemaster-95522-f25a22f5/notes_backend/node_modules/sequelize/lib/sequelize.js:305:26
    at async MySQLQueryInterface.tableExists (/home/kavia/workspace/code-generation/notemaster-95522-f25a22f5/notes_backend/node_modules/sequelize/lib/dialects/abstract/query-interface.js:102:17)
    at async Note.sync (/home/kavia/workspace/code-generation/notemaster-95522-f25a22f5/notes_backend/node_modules/sequelize/lib/model.js:939:21)
    at async Sequelize.sync (/home/kavia/workspace/code-generation/notemaster-95522-f25a22f5/notes_backend/node_modules/sequelize/lib/sequelize.js:377:9) {
  parent: Error: getaddrinfo ENOTFOUND mysql://localhost:5000/myapp
      at GetAddrInfoReqWrap.onlookup [as oncomplete] (node:dns:107:26) {
    errno: -3008,
    code: 'ENOTFOUND',
    syscall: 'getaddrinfo',
    hostname: 'mysql://localhost:5000/myapp',
    fatal: true
  },
  original: Error: getaddrinfo ENOTFOUND mysql://localhost:5000/myapp
      at GetAddrInfoReqWrap.onlookup [as oncomplete] (node:dns:107:26) {
    errno: -3008,
    code: 'ENOTFOUND',
    syscall: 'getaddrinfo',
    hostname: 'mysql://localhost:5000/myapp',
    fatal: true
  }
}
